Compiling the CXX compiler identification source file "CMakeCXXCompilerId.cpp" failed.
Compiler: /Library/Developer/CommandLineTools/usr/bin/c++ 
Build flags: 
Id flags:  

The output was:
1
ld: library not found for -lc++
clang: error: linker command failed with exit code 1 (use -v to see invocation)


Compiling the C compiler identification source file "CMakeCCompilerId.c" failed.
Compiler: /Library/Developer/CommandLineTools/usr/bin/cc 
Build flags: 
Id flags:  

The output was:
1
ld: library not found for -lSystem
clang: error: linker command failed with exit code 1 (use -v to see invocation)


Compilation failed:
    source file: '/Users/kshitiz2000/desktop/pythonpro/opencv-4.5.0/build/CMakeFiles/CMakeTmp/src.cxx'
    check option: ''
===== BUILD LOG =====
Change Dir: /Users/kshitiz2000/desktop/pythonpro/opencv-4.5.0/build/CMakeFiles/CMakeTmp

Run Build Command(s):/usr/bin/make -f Makefile cmTC_42c72/fast && /Library/Developer/CommandLineTools/usr/bin/make  -f CMakeFiles/cmTC_42c72.dir/build.make CMakeFiles/cmTC_42c72.dir/build
Building CXX object CMakeFiles/cmTC_42c72.dir/src.cxx.o
/Library/Developer/CommandLineTools/usr/bin/c++   -O3 -DNDEBUG -arch arm64 -isysroot /Library/Developer/CommandLineTools/SDKs/MacOSX12.1.sdk -fPIE -std=c++11 -MD -MT CMakeFiles/cmTC_42c72.dir/src.cxx.o -MF CMakeFiles/cmTC_42c72.dir/src.cxx.o.d -o CMakeFiles/cmTC_42c72.dir/src.cxx.o -c /Users/kshitiz2000/desktop/pythonpro/opencv-4.5.0/build/CMakeFiles/CMakeTmp/src.cxx
Linking CXX executable cmTC_42c72
/opt/homebrew/Cellar/cmake/3.22.2/bin/cmake -E cmake_link_script CMakeFiles/cmTC_42c72.dir/link.txt --verbose=1
/Library/Developer/CommandLineTools/usr/bin/c++ -O3 -DNDEBUG -arch arm64 -isysroot /Library/Developer/CommandLineTools/SDKs/MacOSX12.1.sdk -Wl,-search_paths_first -Wl,-headerpad_max_install_names  -Wl,--as-needed  CMakeFiles/cmTC_42c72.dir/src.cxx.o -o cmTC_42c72 
ld: unknown option: --as-needed
clang: error: linker command failed with exit code 1 (use -v to see invocation)
make[1]: *** [cmTC_42c72] Error 1
make: *** [cmTC_42c72/fast] Error 2


===== END =====

Determining if the include file malloc.h exists failed with the following output:
Change Dir: /Users/kshitiz2000/desktop/pythonpro/opencv-4.5.0/build/CMakeFiles/CMakeTmp

Run Build Command(s):/usr/bin/make -f Makefile cmTC_7b045/fast && /Library/Developer/CommandLineTools/usr/bin/make  -f CMakeFiles/cmTC_7b045.dir/build.make CMakeFiles/cmTC_7b045.dir/build
Building C object CMakeFiles/cmTC_7b045.dir/CheckIncludeFile.c.o
/Library/Developer/CommandLineTools/usr/bin/cc   -fsigned-char -W -Wall -Werror=return-type -Werror=non-virtual-dtor -Werror=address -Werror=sequence-point -Wformat -Werror=format-security -Wmissing-declarations -Wmissing-prototypes -Wstrict-prototypes -Wundef -Winit-self -Wpointer-arith -Wshadow -Wsign-promo -Wuninitialized -Winit-self -Wno-delete-non-virtual-dtor -Wno-unnamed-type-template-args -Wno-comment -Wno-deprecated-enum-enum-conversion -Wno-deprecated-anon-enum-enum-conversion -fdiagnostics-show-option -Qunused-arguments -Wno-semicolon-before-method-body -ffunction-sections -fdata-sections    -fvisibility=hidden -fvisibility-inlines-hidden  -O3 -DNDEBUG  -DNDEBUG -arch arm64 -isysroot /Library/Developer/CommandLineTools/SDKs/MacOSX12.1.sdk -fPIE -MD -MT CMakeFiles/cmTC_7b045.dir/CheckIncludeFile.c.o -MF CMakeFiles/cmTC_7b045.dir/CheckIncludeFile.c.o.d -o CMakeFiles/cmTC_7b045.dir/CheckIncludeFile.c.o -c /Users/kshitiz2000/desktop/pythonpro/opencv-4.5.0/build/CMakeFiles/CMakeTmp/CheckIncludeFile.c
/Users/kshitiz2000/desktop/pythonpro/opencv-4.5.0/build/CMakeFiles/CMakeTmp/CheckIncludeFile.c:1:10: fatal error: 'malloc.h' file not found
#include <malloc.h>
         ^~~~~~~~~~
1 error generated.
make[1]: *** [CMakeFiles/cmTC_7b045.dir/CheckIncludeFile.c.o] Error 1
make: *** [cmTC_7b045/fast] Error 2



Determining size of off64_t failed with the following output:
Change Dir: /Users/kshitiz2000/desktop/pythonpro/opencv-4.5.0/build/CMakeFiles/CMakeTmp

Run Build Command(s):/usr/bin/make -f Makefile cmTC_582f7/fast && /Library/Developer/CommandLineTools/usr/bin/make  -f CMakeFiles/cmTC_582f7.dir/build.make CMakeFiles/cmTC_582f7.dir/build
Building C object CMakeFiles/cmTC_582f7.dir/OFF64_T.c.o
/Library/Developer/CommandLineTools/usr/bin/cc   -fsigned-char -W -Wall -Werror=return-type -Werror=non-virtual-dtor -Werror=address -Werror=sequence-point -Wformat -Werror=format-security -Wmissing-declarations -Wmissing-prototypes -Wstrict-prototypes -Wundef -Winit-self -Wpointer-arith -Wshadow -Wsign-promo -Wuninitialized -Winit-self -Wno-delete-non-virtual-dtor -Wno-unnamed-type-template-args -Wno-comment -Wno-deprecated-enum-enum-conversion -Wno-deprecated-anon-enum-enum-conversion -fdiagnostics-show-option -Qunused-arguments -Wno-semicolon-before-method-body -ffunction-sections -fdata-sections    -fvisibility=hidden -fvisibility-inlines-hidden  -O3 -DNDEBUG  -DNDEBUG -arch arm64 -isysroot /Library/Developer/CommandLineTools/SDKs/MacOSX12.1.sdk -fPIE -MD -MT CMakeFiles/cmTC_582f7.dir/OFF64_T.c.o -MF CMakeFiles/cmTC_582f7.dir/OFF64_T.c.o.d -o CMakeFiles/cmTC_582f7.dir/OFF64_T.c.o -c /Users/kshitiz2000/desktop/pythonpro/opencv-4.5.0/build/CMakeFiles/CheckTypeSize/OFF64_T.c
/Users/kshitiz2000/desktop/pythonpro/opencv-4.5.0/build/CMakeFiles/CheckTypeSize/OFF64_T.c:29:12: error: use of undeclared identifier 'off64_t'
  ('0' + ((SIZE / 10000)%10)),
           ^
/Users/kshitiz2000/desktop/pythonpro/opencv-4.5.0/build/CMakeFiles/CheckTypeSize/OFF64_T.c:27:22: note: expanded from macro 'SIZE'
#define SIZE (sizeof(off64_t))
                     ^
/Users/kshitiz2000/desktop/pythonpro/opencv-4.5.0/build/CMakeFiles/CheckTypeSize/OFF64_T.c:30:12: error: use of undeclared identifier 'off64_t'
  ('0' + ((SIZE / 1000)%10)),
           ^
/Users/kshitiz2000/desktop/pythonpro/opencv-4.5.0/build/CMakeFiles/CheckTypeSize/OFF64_T.c:27:22: note: expanded from macro 'SIZE'
#define SIZE (sizeof(off64_t))
                     ^
/Users/kshitiz2000/desktop/pythonpro/opencv-4.5.0/build/CMakeFiles/CheckTypeSize/OFF64_T.c:31:12: error: use of undeclared identifier 'off64_t'
  ('0' + ((SIZE / 100)%10)),
           ^
/Users/kshitiz2000/desktop/pythonpro/opencv-4.5.0/build/CMakeFiles/CheckTypeSize/OFF64_T.c:27:22: note: expanded from macro 'SIZE'
#define SIZE (sizeof(off64_t))
                     ^
/Users/kshitiz2000/desktop/pythonpro/opencv-4.5.0/build/CMakeFiles/CheckTypeSize/OFF64_T.c:32:12: error: use of undeclared identifier 'off64_t'
  ('0' + ((SIZE / 10)%10)),
           ^
/Users/kshitiz2000/desktop/pythonpro/opencv-4.5.0/build/CMakeFiles/CheckTypeSize/OFF64_T.c:27:22: note: expanded from macro 'SIZE'
#define SIZE (sizeof(off64_t))
                     ^
/Users/kshitiz2000/desktop/pythonpro/opencv-4.5.0/build/CMakeFiles/CheckTypeSize/OFF64_T.c:33:12: error: use of undeclared identifier 'off64_t'
  ('0' +  (SIZE    % 10)),
           ^
/Users/kshitiz2000/desktop/pythonpro/opencv-4.5.0/build/CMakeFiles/CheckTypeSize/OFF64_T.c:27:22: note: expanded from macro 'SIZE'
#define SIZE (sizeof(off64_t))
                     ^
5 errors generated.
make[1]: *** [CMakeFiles/cmTC_582f7.dir/OFF64_T.c.o] Error 1
make: *** [cmTC_582f7/fast] Error 2


/Users/kshitiz2000/desktop/pythonpro/opencv-4.5.0/build/CMakeFiles/CheckTypeSize/OFF64_T.c:
#include <sys/types.h>
#include <stdint.h>
#include <stddef.h>


#undef KEY
#if defined(__i386)
# define KEY '_','_','i','3','8','6'
#elif defined(__x86_64)
# define KEY '_','_','x','8','6','_','6','4'
#elif defined(__PPC64__)
# define KEY '_','_','P','P','C','6','4','_','_'
#elif defined(__ppc64__)
# define KEY '_','_','p','p','c','6','4','_','_'
#elif defined(__PPC__)
# define KEY '_','_','P','P','C','_','_'
#elif defined(__ppc__)
# define KEY '_','_','p','p','c','_','_'
#elif defined(__aarch64__)
# define KEY '_','_','a','a','r','c','h','6','4','_','_'
#elif defined(__ARM_ARCH_7A__)
# define KEY '_','_','A','R','M','_','A','R','C','H','_','7','A','_','_'
#elif defined(__ARM_ARCH_7S__)
# define KEY '_','_','A','R','M','_','A','R','C','H','_','7','S','_','_'
#endif

#define SIZE (sizeof(off64_t))
static char info_size[] =  {'I', 'N', 'F', 'O', ':', 's','i','z','e','[',
  ('0' + ((SIZE / 10000)%10)),
  ('0' + ((SIZE / 1000)%10)),
  ('0' + ((SIZE / 100)%10)),
  ('0' + ((SIZE / 10)%10)),
  ('0' +  (SIZE    % 10)),
  ']',
#ifdef KEY
  ' ','k','e','y','[', KEY, ']',
#endif
  '\0'};

#ifdef __CLASSIC_C__
int main(argc, argv) int argc; char *argv[];
#else
int main(int argc, char *argv[])
#endif
{
  int require = 0;
  require += info_size[argc];
  (void)argv;
  return require;
}


Determining if the include file io.h exists failed with the following output:
Change Dir: /Users/kshitiz2000/desktop/pythonpro/opencv-4.5.0/build/CMakeFiles/CMakeTmp

Run Build Command(s):/usr/bin/make -f Makefile cmTC_d64af/fast && /Library/Developer/CommandLineTools/usr/bin/make  -f CMakeFiles/cmTC_d64af.dir/build.make CMakeFiles/cmTC_d64af.dir/build
Building C object CMakeFiles/cmTC_d64af.dir/CheckIncludeFile.c.o
/Library/Developer/CommandLineTools/usr/bin/cc   -fsigned-char -W -Wall -Werror=return-type -Werror=non-virtual-dtor -Werror=address -Werror=sequence-point -Wformat -Werror=format-security -Wmissing-declarations -Wmissing-prototypes -Wstrict-prototypes -Wundef -Winit-self -Wpointer-arith -Wshadow -Wsign-promo -Wuninitialized -Winit-self -Wno-delete-non-virtual-dtor -Wno-unnamed-type-template-args -Wno-comment -Wno-deprecated-enum-enum-conversion -Wno-deprecated-anon-enum-enum-conversion -fdiagnostics-show-option -Qunused-arguments -Wno-semicolon-before-method-body -ffunction-sections -fdata-sections    -fvisibility=hidden -fvisibility-inlines-hidden  -O3 -DNDEBUG  -DNDEBUG -arch arm64 -isysroot /Library/Developer/CommandLineTools/SDKs/MacOSX12.1.sdk -fPIE -MD -MT CMakeFiles/cmTC_d64af.dir/CheckIncludeFile.c.o -MF CMakeFiles/cmTC_d64af.dir/CheckIncludeFile.c.o.d -o CMakeFiles/cmTC_d64af.dir/CheckIncludeFile.c.o -c /Users/kshitiz2000/desktop/pythonpro/opencv-4.5.0/build/CMakeFiles/CMakeTmp/CheckIncludeFile.c
/Users/kshitiz2000/desktop/pythonpro/opencv-4.5.0/build/CMakeFiles/CMakeTmp/CheckIncludeFile.c:1:10: fatal error: 'io.h' file not found
#include <io.h>
         ^~~~~~
1 error generated.
make[1]: *** [CMakeFiles/cmTC_d64af.dir/CheckIncludeFile.c.o] Error 1
make: *** [cmTC_d64af/fast] Error 2



Determining size of INT8 failed with the following output:
Change Dir: /Users/kshitiz2000/desktop/pythonpro/opencv-4.5.0/build/CMakeFiles/CMakeTmp

Run Build Command(s):/usr/bin/make -f Makefile cmTC_a7121/fast && /Library/Developer/CommandLineTools/usr/bin/make  -f CMakeFiles/cmTC_a7121.dir/build.make CMakeFiles/cmTC_a7121.dir/build
Building C object CMakeFiles/cmTC_a7121.dir/int8.c.o
/Library/Developer/CommandLineTools/usr/bin/cc   -fsigned-char -W -Wall -Werror=return-type -Werror=non-virtual-dtor -Werror=address -Werror=sequence-point -Wformat -Werror=format-security -Wmissing-declarations -Wmissing-prototypes -Wstrict-prototypes -Wundef -Winit-self -Wpointer-arith -Wshadow -Wsign-promo -Wuninitialized -Winit-self -Wno-delete-non-virtual-dtor -Wno-unnamed-type-template-args -Wno-comment -Wno-deprecated-enum-enum-conversion -Wno-deprecated-anon-enum-enum-conversion -fdiagnostics-show-option -Qunused-arguments -Wno-semicolon-before-method-body -ffunction-sections -fdata-sections    -fvisibility=hidden -fvisibility-inlines-hidden  -O3 -DNDEBUG  -DNDEBUG -arch arm64 -isysroot /Library/Developer/CommandLineTools/SDKs/MacOSX12.1.sdk -fPIE -MD -MT CMakeFiles/cmTC_a7121.dir/int8.c.o -MF CMakeFiles/cmTC_a7121.dir/int8.c.o.d -o CMakeFiles/cmTC_a7121.dir/int8.c.o -c /Users/kshitiz2000/desktop/pythonpro/opencv-4.5.0/build/CMakeFiles/CheckTypeSize/int8.c
/Users/kshitiz2000/desktop/pythonpro/opencv-4.5.0/build/CMakeFiles/CheckTypeSize/int8.c:29:12: error: use of undeclared identifier 'INT8'
  ('0' + ((SIZE / 10000)%10)),
           ^
/Users/kshitiz2000/desktop/pythonpro/opencv-4.5.0/build/CMakeFiles/CheckTypeSize/int8.c:27:22: note: expanded from macro 'SIZE'
#define SIZE (sizeof(INT8))
                     ^
/Users/kshitiz2000/desktop/pythonpro/opencv-4.5.0/build/CMakeFiles/CheckTypeSize/int8.c:30:12: error: use of undeclared identifier 'INT8'
  ('0' + ((SIZE / 1000)%10)),
           ^
/Users/kshitiz2000/desktop/pythonpro/opencv-4.5.0/build/CMakeFiles/CheckTypeSize/int8.c:27:22: note: expanded from macro 'SIZE'
#define SIZE (sizeof(INT8))
                     ^
/Users/kshitiz2000/desktop/pythonpro/opencv-4.5.0/build/CMakeFiles/CheckTypeSize/int8.c:31:12: error: use of undeclared identifier 'INT8'
  ('0' + ((SIZE / 100)%10)),
           ^
/Users/kshitiz2000/desktop/pythonpro/opencv-4.5.0/build/CMakeFiles/CheckTypeSize/int8.c:27:22: note: expanded from macro 'SIZE'
#define SIZE (sizeof(INT8))
                     ^
/Users/kshitiz2000/desktop/pythonpro/opencv-4.5.0/build/CMakeFiles/CheckTypeSize/int8.c:32:12: error: use of undeclared identifier 'INT8'
  ('0' + ((SIZE / 10)%10)),
           ^
/Users/kshitiz2000/desktop/pythonpro/opencv-4.5.0/build/CMakeFiles/CheckTypeSize/int8.c:27:22: note: expanded from macro 'SIZE'
#define SIZE (sizeof(INT8))
                     ^
/Users/kshitiz2000/desktop/pythonpro/opencv-4.5.0/build/CMakeFiles/CheckTypeSize/int8.c:33:12: error: use of undeclared identifier 'INT8'
  ('0' +  (SIZE    % 10)),
           ^
/Users/kshitiz2000/desktop/pythonpro/opencv-4.5.0/build/CMakeFiles/CheckTypeSize/int8.c:27:22: note: expanded from macro 'SIZE'
#define SIZE (sizeof(INT8))
                     ^
5 errors generated.
make[1]: *** [CMakeFiles/cmTC_a7121.dir/int8.c.o] Error 1
make: *** [cmTC_a7121/fast] Error 2


/Users/kshitiz2000/desktop/pythonpro/opencv-4.5.0/build/CMakeFiles/CheckTypeSize/int8.c:
#include <sys/types.h>
#include <stdint.h>
#include <stddef.h>


#undef KEY
#if defined(__i386)
# define KEY '_','_','i','3','8','6'
#elif defined(__x86_64)
# define KEY '_','_','x','8','6','_','6','4'
#elif defined(__PPC64__)
# define KEY '_','_','P','P','C','6','4','_','_'
#elif defined(__ppc64__)
# define KEY '_','_','p','p','c','6','4','_','_'
#elif defined(__PPC__)
# define KEY '_','_','P','P','C','_','_'
#elif defined(__ppc__)
# define KEY '_','_','p','p','c','_','_'
#elif defined(__aarch64__)
# define KEY '_','_','a','a','r','c','h','6','4','_','_'
#elif defined(__ARM_ARCH_7A__)
# define KEY '_','_','A','R','M','_','A','R','C','H','_','7','A','_','_'
#elif defined(__ARM_ARCH_7S__)
# define KEY '_','_','A','R','M','_','A','R','C','H','_','7','S','_','_'
#endif

#define SIZE (sizeof(INT8))
static char info_size[] =  {'I', 'N', 'F', 'O', ':', 's','i','z','e','[',
  ('0' + ((SIZE / 10000)%10)),
  ('0' + ((SIZE / 1000)%10)),
  ('0' + ((SIZE / 100)%10)),
  ('0' + ((SIZE / 10)%10)),
  ('0' +  (SIZE    % 10)),
  ']',
#ifdef KEY
  ' ','k','e','y','[', KEY, ']',
#endif
  '\0'};

#ifdef __CLASSIC_C__
int main(argc, argv) int argc; char *argv[];
#else
int main(int argc, char *argv[])
#endif
{
  int require = 0;
  require += info_size[argc];
  (void)argv;
  return require;
}


Determining size of INT16 failed with the following output:
Change Dir: /Users/kshitiz2000/desktop/pythonpro/opencv-4.5.0/build/CMakeFiles/CMakeTmp

Run Build Command(s):/usr/bin/make -f Makefile cmTC_3a0a1/fast && /Library/Developer/CommandLineTools/usr/bin/make  -f CMakeFiles/cmTC_3a0a1.dir/build.make CMakeFiles/cmTC_3a0a1.dir/build
Building C object CMakeFiles/cmTC_3a0a1.dir/int16.c.o
/Library/Developer/CommandLineTools/usr/bin/cc   -fsigned-char -W -Wall -Werror=return-type -Werror=non-virtual-dtor -Werror=address -Werror=sequence-point -Wformat -Werror=format-security -Wmissing-declarations -Wmissing-prototypes -Wstrict-prototypes -Wundef -Winit-self -Wpointer-arith -Wshadow -Wsign-promo -Wuninitialized -Winit-self -Wno-delete-non-virtual-dtor -Wno-unnamed-type-template-args -Wno-comment -Wno-deprecated-enum-enum-conversion -Wno-deprecated-anon-enum-enum-conversion -fdiagnostics-show-option -Qunused-arguments -Wno-semicolon-before-method-body -ffunction-sections -fdata-sections    -fvisibility=hidden -fvisibility-inlines-hidden  -O3 -DNDEBUG  -DNDEBUG -arch arm64 -isysroot /Library/Developer/CommandLineTools/SDKs/MacOSX12.1.sdk -fPIE -MD -MT CMakeFiles/cmTC_3a0a1.dir/int16.c.o -MF CMakeFiles/cmTC_3a0a1.dir/int16.c.o.d -o CMakeFiles/cmTC_3a0a1.dir/int16.c.o -c /Users/kshitiz2000/desktop/pythonpro/opencv-4.5.0/build/CMakeFiles/CheckTypeSize/int16.c
/Users/kshitiz2000/desktop/pythonpro/opencv-4.5.0/build/CMakeFiles/CheckTypeSize/int16.c:29:12: error: use of undeclared identifier 'INT16'
  ('0' + ((SIZE / 10000)%10)),
           ^
/Users/kshitiz2000/desktop/pythonpro/opencv-4.5.0/build/CMakeFiles/CheckTypeSize/int16.c:27:22: note: expanded from macro 'SIZE'
#define SIZE (sizeof(INT16))
                     ^
/Users/kshitiz2000/desktop/pythonpro/opencv-4.5.0/build/CMakeFiles/CheckTypeSize/int16.c:30:12: error: use of undeclared identifier 'INT16'
  ('0' + ((SIZE / 1000)%10)),
           ^
/Users/kshitiz2000/desktop/pythonpro/opencv-4.5.0/build/CMakeFiles/CheckTypeSize/int16.c:27:22: note: expanded from macro 'SIZE'
#define SIZE (sizeof(INT16))
                     ^
/Users/kshitiz2000/desktop/pythonpro/opencv-4.5.0/build/CMakeFiles/CheckTypeSize/int16.c:31:12: error: use of undeclared identifier 'INT16'
  ('0' + ((SIZE / 100)%10)),
           ^
/Users/kshitiz2000/desktop/pythonpro/opencv-4.5.0/build/CMakeFiles/CheckTypeSize/int16.c:27:22: note: expanded from macro 'SIZE'
#define SIZE (sizeof(INT16))
                     ^
/Users/kshitiz2000/desktop/pythonpro/opencv-4.5.0/build/CMakeFiles/CheckTypeSize/int16.c:32:12: error: use of undeclared identifier 'INT16'
  ('0' + ((SIZE / 10)%10)),
           ^
/Users/kshitiz2000/desktop/pythonpro/opencv-4.5.0/build/CMakeFiles/CheckTypeSize/int16.c:27:22: note: expanded from macro 'SIZE'
#define SIZE (sizeof(INT16))
                     ^
/Users/kshitiz2000/desktop/pythonpro/opencv-4.5.0/build/CMakeFiles/CheckTypeSize/int16.c:33:12: error: use of undeclared identifier 'INT16'
  ('0' +  (SIZE    % 10)),
           ^
/Users/kshitiz2000/desktop/pythonpro/opencv-4.5.0/build/CMakeFiles/CheckTypeSize/int16.c:27:22: note: expanded from macro 'SIZE'
#define SIZE (sizeof(INT16))
                     ^
5 errors generated.
make[1]: *** [CMakeFiles/cmTC_3a0a1.dir/int16.c.o] Error 1
make: *** [cmTC_3a0a1/fast] Error 2


/Users/kshitiz2000/desktop/pythonpro/opencv-4.5.0/build/CMakeFiles/CheckTypeSize/int16.c:
#include <sys/types.h>
#include <stdint.h>
#include <stddef.h>


#undef KEY
#if defined(__i386)
# define KEY '_','_','i','3','8','6'
#elif defined(__x86_64)
# define KEY '_','_','x','8','6','_','6','4'
#elif defined(__PPC64__)
# define KEY '_','_','P','P','C','6','4','_','_'
#elif defined(__ppc64__)
# define KEY '_','_','p','p','c','6','4','_','_'
#elif defined(__PPC__)
# define KEY '_','_','P','P','C','_','_'
#elif defined(__ppc__)
# define KEY '_','_','p','p','c','_','_'
#elif defined(__aarch64__)
# define KEY '_','_','a','a','r','c','h','6','4','_','_'
#elif defined(__ARM_ARCH_7A__)
# define KEY '_','_','A','R','M','_','A','R','C','H','_','7','A','_','_'
#elif defined(__ARM_ARCH_7S__)
# define KEY '_','_','A','R','M','_','A','R','C','H','_','7','S','_','_'
#endif

#define SIZE (sizeof(INT16))
static char info_size[] =  {'I', 'N', 'F', 'O', ':', 's','i','z','e','[',
  ('0' + ((SIZE / 10000)%10)),
  ('0' + ((SIZE / 1000)%10)),
  ('0' + ((SIZE / 100)%10)),
  ('0' + ((SIZE / 10)%10)),
  ('0' +  (SIZE    % 10)),
  ']',
#ifdef KEY
  ' ','k','e','y','[', KEY, ']',
#endif
  '\0'};

#ifdef __CLASSIC_C__
int main(argc, argv) int argc; char *argv[];
#else
int main(int argc, char *argv[])
#endif
{
  int require = 0;
  require += info_size[argc];
  (void)argv;
  return require;
}


Determining size of INT32 failed with the following output:
Change Dir: /Users/kshitiz2000/desktop/pythonpro/opencv-4.5.0/build/CMakeFiles/CMakeTmp

Run Build Command(s):/usr/bin/make -f Makefile cmTC_bb086/fast && /Library/Developer/CommandLineTools/usr/bin/make  -f CMakeFiles/cmTC_bb086.dir/build.make CMakeFiles/cmTC_bb086.dir/build
Building C object CMakeFiles/cmTC_bb086.dir/int32.c.o
/Library/Developer/CommandLineTools/usr/bin/cc   -fsigned-char -W -Wall -Werror=return-type -Werror=non-virtual-dtor -Werror=address -Werror=sequence-point -Wformat -Werror=format-security -Wmissing-declarations -Wmissing-prototypes -Wstrict-prototypes -Wundef -Winit-self -Wpointer-arith -Wshadow -Wsign-promo -Wuninitialized -Winit-self -Wno-delete-non-virtual-dtor -Wno-unnamed-type-template-args -Wno-comment -Wno-deprecated-enum-enum-conversion -Wno-deprecated-anon-enum-enum-conversion -fdiagnostics-show-option -Qunused-arguments -Wno-semicolon-before-method-body -ffunction-sections -fdata-sections    -fvisibility=hidden -fvisibility-inlines-hidden  -O3 -DNDEBUG  -DNDEBUG -arch arm64 -isysroot /Library/Developer/CommandLineTools/SDKs/MacOSX12.1.sdk -fPIE -MD -MT CMakeFiles/cmTC_bb086.dir/int32.c.o -MF CMakeFiles/cmTC_bb086.dir/int32.c.o.d -o CMakeFiles/cmTC_bb086.dir/int32.c.o -c /Users/kshitiz2000/desktop/pythonpro/opencv-4.5.0/build/CMakeFiles/CheckTypeSize/int32.c
/Users/kshitiz2000/desktop/pythonpro/opencv-4.5.0/build/CMakeFiles/CheckTypeSize/int32.c:29:12: error: use of undeclared identifier 'INT32'
  ('0' + ((SIZE / 10000)%10)),
           ^
/Users/kshitiz2000/desktop/pythonpro/opencv-4.5.0/build/CMakeFiles/CheckTypeSize/int32.c:27:22: note: expanded from macro 'SIZE'
#define SIZE (sizeof(INT32))
                     ^
/Users/kshitiz2000/desktop/pythonpro/opencv-4.5.0/build/CMakeFiles/CheckTypeSize/int32.c:30:12: error: use of undeclared identifier 'INT32'
  ('0' + ((SIZE / 1000)%10)),
           ^
/Users/kshitiz2000/desktop/pythonpro/opencv-4.5.0/build/CMakeFiles/CheckTypeSize/int32.c:27:22: note: expanded from macro 'SIZE'
#define SIZE (sizeof(INT32))
                     ^
/Users/kshitiz2000/desktop/pythonpro/opencv-4.5.0/build/CMakeFiles/CheckTypeSize/int32.c:31:12: error: use of undeclared identifier 'INT32'
  ('0' + ((SIZE / 100)%10)),
           ^
/Users/kshitiz2000/desktop/pythonpro/opencv-4.5.0/build/CMakeFiles/CheckTypeSize/int32.c:27:22: note: expanded from macro 'SIZE'
#define SIZE (sizeof(INT32))
                     ^
/Users/kshitiz2000/desktop/pythonpro/opencv-4.5.0/build/CMakeFiles/CheckTypeSize/int32.c:32:12: error: use of undeclared identifier 'INT32'
  ('0' + ((SIZE / 10)%10)),
           ^
/Users/kshitiz2000/desktop/pythonpro/opencv-4.5.0/build/CMakeFiles/CheckTypeSize/int32.c:27:22: note: expanded from macro 'SIZE'
#define SIZE (sizeof(INT32))
                     ^
/Users/kshitiz2000/desktop/pythonpro/opencv-4.5.0/build/CMakeFiles/CheckTypeSize/int32.c:33:12: error: use of undeclared identifier 'INT32'
  ('0' +  (SIZE    % 10)),
           ^
/Users/kshitiz2000/desktop/pythonpro/opencv-4.5.0/build/CMakeFiles/CheckTypeSize/int32.c:27:22: note: expanded from macro 'SIZE'
#define SIZE (sizeof(INT32))
                     ^
5 errors generated.
make[1]: *** [CMakeFiles/cmTC_bb086.dir/int32.c.o] Error 1
make: *** [cmTC_bb086/fast] Error 2


/Users/kshitiz2000/desktop/pythonpro/opencv-4.5.0/build/CMakeFiles/CheckTypeSize/int32.c:
#include <sys/types.h>
#include <stdint.h>
#include <stddef.h>


#undef KEY
#if defined(__i386)
# define KEY '_','_','i','3','8','6'
#elif defined(__x86_64)
# define KEY '_','_','x','8','6','_','6','4'
#elif defined(__PPC64__)
# define KEY '_','_','P','P','C','6','4','_','_'
#elif defined(__ppc64__)
# define KEY '_','_','p','p','c','6','4','_','_'
#elif defined(__PPC__)
# define KEY '_','_','P','P','C','_','_'
#elif defined(__ppc__)
# define KEY '_','_','p','p','c','_','_'
#elif defined(__aarch64__)
# define KEY '_','_','a','a','r','c','h','6','4','_','_'
#elif defined(__ARM_ARCH_7A__)
# define KEY '_','_','A','R','M','_','A','R','C','H','_','7','A','_','_'
#elif defined(__ARM_ARCH_7S__)
# define KEY '_','_','A','R','M','_','A','R','C','H','_','7','S','_','_'
#endif

#define SIZE (sizeof(INT32))
static char info_size[] =  {'I', 'N', 'F', 'O', ':', 's','i','z','e','[',
  ('0' + ((SIZE / 10000)%10)),
  ('0' + ((SIZE / 1000)%10)),
  ('0' + ((SIZE / 100)%10)),
  ('0' + ((SIZE / 10)%10)),
  ('0' +  (SIZE    % 10)),
  ']',
#ifdef KEY
  ' ','k','e','y','[', KEY, ']',
#endif
  '\0'};

#ifdef __CLASSIC_C__
int main(argc, argv) int argc; char *argv[];
#else
int main(int argc, char *argv[])
#endif
{
  int require = 0;
  require += info_size[argc];
  (void)argv;
  return require;
}


Build output check failed:
    Regex: 'unknown .*option'
    Output line: 'warning: unknown warning option '-Wno-unused-but-set-variable', did you mean '-Wno-unused-const-variable'? [-Wunknown-warning-option]'
Compilation failed:
    source file: '/Users/kshitiz2000/desktop/pythonpro/opencv-4.5.0/build/CMakeFiles/CMakeTmp/src.c'
    check option: ' -Wno-unused-but-set-variable'
===== BUILD LOG =====
Change Dir: /Users/kshitiz2000/desktop/pythonpro/opencv-4.5.0/build/CMakeFiles/CMakeTmp

Run Build Command(s):/usr/bin/make -f Makefile cmTC_93ab8/fast && /Library/Developer/CommandLineTools/usr/bin/make  -f CMakeFiles/cmTC_93ab8.dir/build.make CMakeFiles/cmTC_93ab8.dir/build
Building C object CMakeFiles/cmTC_93ab8.dir/src.c.o
/Library/Developer/CommandLineTools/usr/bin/cc   -fsigned-char -W -Wall -Werror=return-type -Werror=non-virtual-dtor -Werror=address -Werror=sequence-point -Wformat -Werror=format-security -Wmissing-declarations -Wmissing-prototypes -Wstrict-prototypes -Wundef -Winit-self -Wpointer-arith -Wshadow -Wsign-promo -Wuninitialized -Winit-self -Wno-delete-non-virtual-dtor -Wno-unnamed-type-template-args -Wno-comment -Wno-deprecated-enum-enum-conversion -Wno-deprecated-anon-enum-enum-conversion -fdiagnostics-show-option -Qunused-arguments -Wno-semicolon-before-method-body -ffunction-sections -fdata-sections    -fvisibility=hidden -fvisibility-inlines-hidden  -O3 -DNDEBUG  -DNDEBUG -arch arm64 -isysroot /Library/Developer/CommandLineTools/SDKs/MacOSX12.1.sdk -fPIE    -Wno-unused-but-set-variable -MD -MT CMakeFiles/cmTC_93ab8.dir/src.c.o -MF CMakeFiles/cmTC_93ab8.dir/src.c.o.d -o CMakeFiles/cmTC_93ab8.dir/src.c.o -c /Users/kshitiz2000/desktop/pythonpro/opencv-4.5.0/build/CMakeFiles/CMakeTmp/src.c
warning: unknown warning option '-Wno-unused-but-set-variable'; did you mean '-Wno-unused-const-variable'? [-Wunknown-warning-option]
/Users/kshitiz2000/desktop/pythonpro/opencv-4.5.0/build/CMakeFiles/CMakeTmp/src.c:1:8: warning: unknown pragma ignored [-Wunknown-pragmas]
#pragma
       ^
2 warnings generated.
Linking C executable cmTC_93ab8
/opt/homebrew/Cellar/cmake/3.22.2/bin/cmake -E cmake_link_script CMakeFiles/cmTC_93ab8.dir/link.txt --verbose=1
/Library/Developer/CommandLineTools/usr/bin/cc    -fsigned-char -W -Wall -Werror=return-type -Werror=non-virtual-dtor -Werror=address -Werror=sequence-point -Wformat -Werror=format-security -Wmissing-declarations -Wmissing-prototypes -Wstrict-prototypes -Wundef -Winit-self -Wpointer-arith -Wshadow -Wsign-promo -Wuninitialized -Winit-self -Wno-delete-non-virtual-dtor -Wno-unnamed-type-template-args -Wno-comment -Wno-deprecated-enum-enum-conversion -Wno-deprecated-anon-enum-enum-conversion -fdiagnostics-show-option -Qunused-arguments -Wno-semicolon-before-method-body -ffunction-sections -fdata-sections    -fvisibility=hidden -fvisibility-inlines-hidden  -O3 -DNDEBUG  -DNDEBUG -arch arm64 -isysroot /Library/Developer/CommandLineTools/SDKs/MacOSX12.1.sdk -Wl,-search_paths_first -Wl,-headerpad_max_install_names   -Wl,-dead_strip  CMakeFiles/cmTC_93ab8.dir/src.c.o -o cmTC_93ab8 


===== END =====

Build output check failed:
    Regex: 'unknown .*option'
    Output line: 'warning: unknown warning option '-Wno-maybe-uninitialized', did you mean '-Wno-uninitialized'? [-Wunknown-warning-option]'
Compilation failed:
    source file: '/Users/kshitiz2000/desktop/pythonpro/opencv-4.5.0/build/CMakeFiles/CMakeTmp/src.c'
    check option: ' -Wno-maybe-uninitialized'
===== BUILD LOG =====
Change Dir: /Users/kshitiz2000/desktop/pythonpro/opencv-4.5.0/build/CMakeFiles/CMakeTmp

Run Build Command(s):/usr/bin/make -f Makefile cmTC_81e7b/fast && /Library/Developer/CommandLineTools/usr/bin/make  -f CMakeFiles/cmTC_81e7b.dir/build.make CMakeFiles/cmTC_81e7b.dir/build
Building C object CMakeFiles/cmTC_81e7b.dir/src.c.o
/Library/Developer/CommandLineTools/usr/bin/cc   -fsigned-char -W -Wall -Werror=return-type -Werror=non-virtual-dtor -Werror=address -Werror=sequence-point -Wformat -Werror=format-security -Wstrict-prototypes -Winit-self -Wpointer-arith -Wsign-promo -Wuninitialized -Winit-self -Wno-delete-non-virtual-dtor -Wno-unnamed-type-template-args -Wno-comment -Wno-deprecated-enum-enum-conversion -Wno-deprecated-anon-enum-enum-conversion -fdiagnostics-show-option -Qunused-arguments -Wno-semicolon-before-method-body -ffunction-sections -fdata-sections    -fvisibility=hidden -fvisibility-inlines-hidden -Wno-missing-prototypes -Wno-missing-declarations -Wno-undef -Wno-unused -Wno-sign-compare -Wno-cast-align -Wno-shadow  -O3 -DNDEBUG  -DNDEBUG -arch arm64 -isysroot /Library/Developer/CommandLineTools/SDKs/MacOSX12.1.sdk -fPIE    -Wno-maybe-uninitialized -MD -MT CMakeFiles/cmTC_81e7b.dir/src.c.o -MF CMakeFiles/cmTC_81e7b.dir/src.c.o.d -o CMakeFiles/cmTC_81e7b.dir/src.c.o -c /Users/kshitiz2000/desktop/pythonpro/opencv-4.5.0/build/CMakeFiles/CMakeTmp/src.c
warning: unknown warning option '-Wno-maybe-uninitialized'; did you mean '-Wno-uninitialized'? [-Wunknown-warning-option]
/Users/kshitiz2000/desktop/pythonpro/opencv-4.5.0/build/CMakeFiles/CMakeTmp/src.c:1:8: warning: unknown pragma ignored [-Wunknown-pragmas]
#pragma
       ^
2 warnings generated.
Linking C executable cmTC_81e7b
/opt/homebrew/Cellar/cmake/3.22.2/bin/cmake -E cmake_link_script CMakeFiles/cmTC_81e7b.dir/link.txt --verbose=1
/Library/Developer/CommandLineTools/usr/bin/cc    -fsigned-char -W -Wall -Werror=return-type -Werror=non-virtual-dtor -Werror=address -Werror=sequence-point -Wformat -Werror=format-security -Wstrict-prototypes -Winit-self -Wpointer-arith -Wsign-promo -Wuninitialized -Winit-self -Wno-delete-non-virtual-dtor -Wno-unnamed-type-template-args -Wno-comment -Wno-deprecated-enum-enum-conversion -Wno-deprecated-anon-enum-enum-conversion -fdiagnostics-show-option -Qunused-arguments -Wno-semicolon-before-method-body -ffunction-sections -fdata-sections    -fvisibility=hidden -fvisibility-inlines-hidden -Wno-missing-prototypes -Wno-missing-declarations -Wno-undef -Wno-unused -Wno-sign-compare -Wno-cast-align -Wno-shadow  -O3 -DNDEBUG  -DNDEBUG -arch arm64 -isysroot /Library/Developer/CommandLineTools/SDKs/MacOSX12.1.sdk -Wl,-search_paths_first -Wl,-headerpad_max_install_names   -Wl,-dead_strip  CMakeFiles/cmTC_81e7b.dir/src.c.o -o cmTC_81e7b 


===== END =====

Build output check failed:
    Regex: 'unknown .*option'
    Output line: 'warning: unknown warning option '-Wno-unused-but-set-parameter', did you mean '-Wno-unused-parameter'? [-Wunknown-warning-option]'
Compilation failed:
    source file: '/Users/kshitiz2000/desktop/pythonpro/opencv-4.5.0/build/CMakeFiles/CMakeTmp/src.c'
    check option: ' -Wno-unused-but-set-parameter'
===== BUILD LOG =====
Change Dir: /Users/kshitiz2000/desktop/pythonpro/opencv-4.5.0/build/CMakeFiles/CMakeTmp

Run Build Command(s):/usr/bin/make -f Makefile cmTC_b5701/fast && /Library/Developer/CommandLineTools/usr/bin/make  -f CMakeFiles/cmTC_b5701.dir/build.make CMakeFiles/cmTC_b5701.dir/build
Building C object CMakeFiles/cmTC_b5701.dir/src.c.o
/Library/Developer/CommandLineTools/usr/bin/cc   -fsigned-char -W -Wall -Werror=return-type -Werror=non-virtual-dtor -Werror=address -Werror=sequence-point -Wformat -Werror=format-security -Wmissing-declarations -Wstrict-prototypes -Wundef -Winit-self -Wpointer-arith -Wshadow -Wsign-promo -Wuninitialized -Winit-self -Wno-delete-non-virtual-dtor -Wno-unnamed-type-template-args -Wno-comment -Wno-deprecated-enum-enum-conversion -Wno-deprecated-anon-enum-enum-conversion -fdiagnostics-show-option -Qunused-arguments -Wno-semicolon-before-method-body -ffunction-sections -fdata-sections    -fvisibility=hidden -fvisibility-inlines-hidden -Wno-implicit-function-declaration -Wno-uninitialized -Wno-missing-prototypes  -O3 -DNDEBUG  -DNDEBUG -arch arm64 -isysroot /Library/Developer/CommandLineTools/SDKs/MacOSX12.1.sdk -fPIE    -Wno-unused-but-set-parameter -MD -MT CMakeFiles/cmTC_b5701.dir/src.c.o -MF CMakeFiles/cmTC_b5701.dir/src.c.o.d -o CMakeFiles/cmTC_b5701.dir/src.c.o -c /Users/kshitiz2000/desktop/pythonpro/opencv-4.5.0/build/CMakeFiles/CMakeTmp/src.c
warning: unknown warning option '-Wno-unused-but-set-parameter'; did you mean '-Wno-unused-parameter'? [-Wunknown-warning-option]
/Users/kshitiz2000/desktop/pythonpro/opencv-4.5.0/build/CMakeFiles/CMakeTmp/src.c:1:8: warning: unknown pragma ignored [-Wunknown-pragmas]
#pragma
       ^
2 warnings generated.
Linking C executable cmTC_b5701
/opt/homebrew/Cellar/cmake/3.22.2/bin/cmake -E cmake_link_script CMakeFiles/cmTC_b5701.dir/link.txt --verbose=1
/Library/Developer/CommandLineTools/usr/bin/cc    -fsigned-char -W -Wall -Werror=return-type -Werror=non-virtual-dtor -Werror=address -Werror=sequence-point -Wformat -Werror=format-security -Wmissing-declarations -Wstrict-prototypes -Wundef -Winit-self -Wpointer-arith -Wshadow -Wsign-promo -Wuninitialized -Winit-self -Wno-delete-non-virtual-dtor -Wno-unnamed-type-template-args -Wno-comment -Wno-deprecated-enum-enum-conversion -Wno-deprecated-anon-enum-enum-conversion -fdiagnostics-show-option -Qunused-arguments -Wno-semicolon-before-method-body -ffunction-sections -fdata-sections    -fvisibility=hidden -fvisibility-inlines-hidden -Wno-implicit-function-declaration -Wno-uninitialized -Wno-missing-prototypes  -O3 -DNDEBUG  -DNDEBUG -arch arm64 -isysroot /Library/Developer/CommandLineTools/SDKs/MacOSX12.1.sdk -Wl,-search_paths_first -Wl,-headerpad_max_install_names   -Wl,-dead_strip  CMakeFiles/cmTC_b5701.dir/src.c.o -o cmTC_b5701 


===== END =====

Checking whether the ASM compiler is GNU using "--version" did not match "(GNU assembler)|(GCC)|(Free Software Foundation)":
Apple clang version 13.0.0 (clang-1300.0.27.3)
Target: arm64-apple-darwin21.2.0
Thread model: posix
InstalledDir: /Library/Developer/CommandLineTools/usr/bin
Determining if the function sgemm_ exists failed with the following output:
Change Dir: /Users/kshitiz2000/desktop/pythonpro/opencv-4.5.0/build/CMakeFiles/CMakeTmp

Run Build Command(s):/usr/bin/make -f Makefile cmTC_210d3/fast && /Library/Developer/CommandLineTools/usr/bin/make  -f CMakeFiles/cmTC_210d3.dir/build.make CMakeFiles/cmTC_210d3.dir/build
Building C object CMakeFiles/cmTC_210d3.dir/CheckFunctionExists.c.o
/Library/Developer/CommandLineTools/usr/bin/cc   -fsigned-char -W -Wall -Werror=return-type -Werror=non-virtual-dtor -Werror=address -Werror=sequence-point -Wformat -Werror=format-security -Wmissing-declarations -Wmissing-prototypes -Wstrict-prototypes -Wundef -Winit-self -Wpointer-arith -Wshadow -Wsign-promo -Wuninitialized -Winit-self -Wno-delete-non-virtual-dtor -Wno-unnamed-type-template-args -Wno-comment -Wno-deprecated-enum-enum-conversion -Wno-deprecated-anon-enum-enum-conversion -fdiagnostics-show-option -Qunused-arguments -Wno-semicolon-before-method-body -ffunction-sections -fdata-sections    -fvisibility=hidden -fvisibility-inlines-hidden -DCHECK_FUNCTION_EXISTS=sgemm_ -O3 -DNDEBUG  -DNDEBUG -arch arm64 -isysroot /Library/Developer/CommandLineTools/SDKs/MacOSX12.1.sdk -fPIE -MD -MT CMakeFiles/cmTC_210d3.dir/CheckFunctionExists.c.o -MF CMakeFiles/cmTC_210d3.dir/CheckFunctionExists.c.o.d -o CMakeFiles/cmTC_210d3.dir/CheckFunctionExists.c.o -c /opt/homebrew/Cellar/cmake/3.22.2/share/cmake/Modules/CheckFunctionExists.c
Linking C executable cmTC_210d3
/opt/homebrew/Cellar/cmake/3.22.2/bin/cmake -E cmake_link_script CMakeFiles/cmTC_210d3.dir/link.txt --verbose=1
/Library/Developer/CommandLineTools/usr/bin/cc    -fsigned-char -W -Wall -Werror=return-type -Werror=non-virtual-dtor -Werror=address -Werror=sequence-point -Wformat -Werror=format-security -Wmissing-declarations -Wmissing-prototypes -Wstrict-prototypes -Wundef -Winit-self -Wpointer-arith -Wshadow -Wsign-promo -Wuninitialized -Winit-self -Wno-delete-non-virtual-dtor -Wno-unnamed-type-template-args -Wno-comment -Wno-deprecated-enum-enum-conversion -Wno-deprecated-anon-enum-enum-conversion -fdiagnostics-show-option -Qunused-arguments -Wno-semicolon-before-method-body -ffunction-sections -fdata-sections    -fvisibility=hidden -fvisibility-inlines-hidden -DCHECK_FUNCTION_EXISTS=sgemm_ -O3 -DNDEBUG  -DNDEBUG -arch arm64 -isysroot /Library/Developer/CommandLineTools/SDKs/MacOSX12.1.sdk -Wl,-search_paths_first -Wl,-headerpad_max_install_names   -Wl,-dead_strip  CMakeFiles/cmTC_210d3.dir/CheckFunctionExists.c.o -o cmTC_210d3 
Undefined symbols for architecture arm64:
  "_sgemm_", referenced from:
      _main in CheckFunctionExists.c.o
ld: symbol(s) not found for architecture arm64
clang: error: linker command failed with exit code 1 (use -v to see invocation)
make[1]: *** [cmTC_210d3] Error 1
make: *** [cmTC_210d3/fast] Error 2



Determining if the CL_VERSION_2_2 exist failed with the following output:
Change Dir: /Users/kshitiz2000/desktop/pythonpro/opencv-4.5.0/build/CMakeFiles/CMakeTmp

Run Build Command(s):/usr/bin/make -f Makefile cmTC_4395b/fast && /Library/Developer/CommandLineTools/usr/bin/make  -f CMakeFiles/cmTC_4395b.dir/build.make CMakeFiles/cmTC_4395b.dir/build
Building C object CMakeFiles/cmTC_4395b.dir/CheckSymbolExists.c.o
/Library/Developer/CommandLineTools/usr/bin/cc  -F/Library/Developer/CommandLineTools/SDKs/MacOSX12.1.sdk/System/Library/Frameworks -fsigned-char -W -Wall -Werror=return-type -Werror=non-virtual-dtor -Werror=address -Werror=sequence-point -Wformat -Werror=format-security -Wmissing-declarations -Wmissing-prototypes -Wstrict-prototypes -Wundef -Winit-self -Wpointer-arith -Wshadow -Wsign-promo -Wuninitialized -Winit-self -Wno-delete-non-virtual-dtor -Wno-unnamed-type-template-args -Wno-comment -Wno-deprecated-enum-enum-conversion -Wno-deprecated-anon-enum-enum-conversion -fdiagnostics-show-option -Qunused-arguments -Wno-semicolon-before-method-body -ffunction-sections -fdata-sections    -fvisibility=hidden -fvisibility-inlines-hidden  -O3 -DNDEBUG  -DNDEBUG -arch arm64 -isysroot /Library/Developer/CommandLineTools/SDKs/MacOSX12.1.sdk -fPIE -MD -MT CMakeFiles/cmTC_4395b.dir/CheckSymbolExists.c.o -MF CMakeFiles/cmTC_4395b.dir/CheckSymbolExists.c.o.d -o CMakeFiles/cmTC_4395b.dir/CheckSymbolExists.c.o -c /Users/kshitiz2000/desktop/pythonpro/opencv-4.5.0/build/CMakeFiles/CMakeTmp/CheckSymbolExists.c
/Users/kshitiz2000/desktop/pythonpro/opencv-4.5.0/build/CMakeFiles/CMakeTmp/CheckSymbolExists.c:8:19: error: use of undeclared identifier 'CL_VERSION_2_2'
  return ((int*)(&CL_VERSION_2_2))[argc];
                  ^
1 error generated.
make[1]: *** [CMakeFiles/cmTC_4395b.dir/CheckSymbolExists.c.o] Error 1
make: *** [cmTC_4395b/fast] Error 2


File /Users/kshitiz2000/desktop/pythonpro/opencv-4.5.0/build/CMakeFiles/CMakeTmp/CheckSymbolExists.c:
/* */
#include </Library/Developer/CommandLineTools/SDKs/MacOSX12.1.sdk/System/Library/Frameworks/OpenCL.framework/Headers/cl.h>

int main(int argc, char** argv)
{
  (void)argv;
#ifndef CL_VERSION_2_2
  return ((int*)(&CL_VERSION_2_2))[argc];
#else
  (void)argc;
  return 0;
#endif
}
Determining if the CL_VERSION_2_1 exist failed with the following output:
Change Dir: /Users/kshitiz2000/desktop/pythonpro/opencv-4.5.0/build/CMakeFiles/CMakeTmp

Run Build Command(s):/usr/bin/make -f Makefile cmTC_3da29/fast && /Library/Developer/CommandLineTools/usr/bin/make  -f CMakeFiles/cmTC_3da29.dir/build.make CMakeFiles/cmTC_3da29.dir/build
Building C object CMakeFiles/cmTC_3da29.dir/CheckSymbolExists.c.o
/Library/Developer/CommandLineTools/usr/bin/cc  -F/Library/Developer/CommandLineTools/SDKs/MacOSX12.1.sdk/System/Library/Frameworks -fsigned-char -W -Wall -Werror=return-type -Werror=non-virtual-dtor -Werror=address -Werror=sequence-point -Wformat -Werror=format-security -Wmissing-declarations -Wmissing-prototypes -Wstrict-prototypes -Wundef -Winit-self -Wpointer-arith -Wshadow -Wsign-promo -Wuninitialized -Winit-self -Wno-delete-non-virtual-dtor -Wno-unnamed-type-template-args -Wno-comment -Wno-deprecated-enum-enum-conversion -Wno-deprecated-anon-enum-enum-conversion -fdiagnostics-show-option -Qunused-arguments -Wno-semicolon-before-method-body -ffunction-sections -fdata-sections    -fvisibility=hidden -fvisibility-inlines-hidden  -O3 -DNDEBUG  -DNDEBUG -arch arm64 -isysroot /Library/Developer/CommandLineTools/SDKs/MacOSX12.1.sdk -fPIE -MD -MT CMakeFiles/cmTC_3da29.dir/CheckSymbolExists.c.o -MF CMakeFiles/cmTC_3da29.dir/CheckSymbolExists.c.o.d -o CMakeFiles/cmTC_3da29.dir/CheckSymbolExists.c.o -c /Users/kshitiz2000/desktop/pythonpro/opencv-4.5.0/build/CMakeFiles/CMakeTmp/CheckSymbolExists.c
/Users/kshitiz2000/desktop/pythonpro/opencv-4.5.0/build/CMakeFiles/CMakeTmp/CheckSymbolExists.c:8:19: error: use of undeclared identifier 'CL_VERSION_2_1'
  return ((int*)(&CL_VERSION_2_1))[argc];
                  ^
1 error generated.
make[1]: *** [CMakeFiles/cmTC_3da29.dir/CheckSymbolExists.c.o] Error 1
make: *** [cmTC_3da29/fast] Error 2


File /Users/kshitiz2000/desktop/pythonpro/opencv-4.5.0/build/CMakeFiles/CMakeTmp/CheckSymbolExists.c:
/* */
#include </Library/Developer/CommandLineTools/SDKs/MacOSX12.1.sdk/System/Library/Frameworks/OpenCL.framework/Headers/cl.h>

int main(int argc, char** argv)
{
  (void)argv;
#ifndef CL_VERSION_2_1
  return ((int*)(&CL_VERSION_2_1))[argc];
#else
  (void)argc;
  return 0;
#endif
}
Determining if the CL_VERSION_2_0 exist failed with the following output:
Change Dir: /Users/kshitiz2000/desktop/pythonpro/opencv-4.5.0/build/CMakeFiles/CMakeTmp

Run Build Command(s):/usr/bin/make -f Makefile cmTC_f957e/fast && /Library/Developer/CommandLineTools/usr/bin/make  -f CMakeFiles/cmTC_f957e.dir/build.make CMakeFiles/cmTC_f957e.dir/build
Building C object CMakeFiles/cmTC_f957e.dir/CheckSymbolExists.c.o
/Library/Developer/CommandLineTools/usr/bin/cc  -F/Library/Developer/CommandLineTools/SDKs/MacOSX12.1.sdk/System/Library/Frameworks -fsigned-char -W -Wall -Werror=return-type -Werror=non-virtual-dtor -Werror=address -Werror=sequence-point -Wformat -Werror=format-security -Wmissing-declarations -Wmissing-prototypes -Wstrict-prototypes -Wundef -Winit-self -Wpointer-arith -Wshadow -Wsign-promo -Wuninitialized -Winit-self -Wno-delete-non-virtual-dtor -Wno-unnamed-type-template-args -Wno-comment -Wno-deprecated-enum-enum-conversion -Wno-deprecated-anon-enum-enum-conversion -fdiagnostics-show-option -Qunused-arguments -Wno-semicolon-before-method-body -ffunction-sections -fdata-sections    -fvisibility=hidden -fvisibility-inlines-hidden  -O3 -DNDEBUG  -DNDEBUG -arch arm64 -isysroot /Library/Developer/CommandLineTools/SDKs/MacOSX12.1.sdk -fPIE -MD -MT CMakeFiles/cmTC_f957e.dir/CheckSymbolExists.c.o -MF CMakeFiles/cmTC_f957e.dir/CheckSymbolExists.c.o.d -o CMakeFiles/cmTC_f957e.dir/CheckSymbolExists.c.o -c /Users/kshitiz2000/desktop/pythonpro/opencv-4.5.0/build/CMakeFiles/CMakeTmp/CheckSymbolExists.c
/Users/kshitiz2000/desktop/pythonpro/opencv-4.5.0/build/CMakeFiles/CMakeTmp/CheckSymbolExists.c:8:19: error: use of undeclared identifier 'CL_VERSION_2_0'
  return ((int*)(&CL_VERSION_2_0))[argc];
                  ^
1 error generated.
make[1]: *** [CMakeFiles/cmTC_f957e.dir/CheckSymbolExists.c.o] Error 1
make: *** [cmTC_f957e/fast] Error 2


File /Users/kshitiz2000/desktop/pythonpro/opencv-4.5.0/build/CMakeFiles/CMakeTmp/CheckSymbolExists.c:
/* */
#include </Library/Developer/CommandLineTools/SDKs/MacOSX12.1.sdk/System/Library/Frameworks/OpenCL.framework/Headers/cl.h>

int main(int argc, char** argv)
{
  (void)argv;
#ifndef CL_VERSION_2_0
  return ((int*)(&CL_VERSION_2_0))[argc];
#else
  (void)argc;
  return 0;
#endif
}
